---
source: crates/biome_formatter_test/src/snapshot_builder.rs
info: jsx/conditional.jsx
---
# Input

```jsx
(bifornCringerMoshedPerplexSawder ? (
	askTrovenaBeenaDependsRowans
) : (
	glimpseGlyphsHazardNoopsTieTie
)) ? null : (
	<Element2>
		<Sub />
		<Sub />
		<Sub />
	</Element2>
);


(bifornCringerMoshedPerplexSawder ? (
	askTrovenaBeenaDependsRowans
) : (
	glimpseGlyphsHazardNoopsTieTie
)) ? undefined : (
	<Element2>
		<Sub />
		<Sub />
		<Sub />
	</Element2>
);

(bifornCringerMoshedPerplexSawder ? (
	askTrovenaBeenaDependsRowans
) : (
	glimpseGlyphsHazardNoopsTieTie
)) ? x : (
	<Element2>
		<Sub />
		<Sub />
		<Sub />
	</Element2>
);


(bifornCringerMoshedPerplexSawder ? (
	askTrovenaBeenaDependsRowans
) : (
	glimpseGlyphsHazardNoopsTieTie
)) ? a ? b : (
	<Element2>
		<Sub />
		<Sub />
		<Sub />
	</Element2>
) : null;

```


=============================

# Outputs

## Output 1

-----
Indent style: Tab
Indent width: 2
Line ending: LF
Line width: 80
Quote style: Double Quotes
JSX quote style: Double Quotes
Quote properties: As needed
Trailing commas: All
Semicolons: Always
Arrow parentheses: Always
Bracket spacing: true
Bracket same line: false
Attribute Position: Auto
-----

```jsx
(
	bifornCringerMoshedPerplexSawder
		? askTrovenaBeenaDependsRowans
		: glimpseGlyphsHazardNoopsTieTie
) ? null : (
	<Element2>
		<Sub />
		<Sub />
		<Sub />
	</Element2>
);

(
	bifornCringerMoshedPerplexSawder
		? askTrovenaBeenaDependsRowans
		: glimpseGlyphsHazardNoopsTieTie
) ? undefined : (
	<Element2>
		<Sub />
		<Sub />
		<Sub />
	</Element2>
);

(
	bifornCringerMoshedPerplexSawder
		? askTrovenaBeenaDependsRowans
		: glimpseGlyphsHazardNoopsTieTie
) ? (
	x
) : (
	<Element2>
		<Sub />
		<Sub />
		<Sub />
	</Element2>
);

(
	bifornCringerMoshedPerplexSawder
		? askTrovenaBeenaDependsRowans
		: glimpseGlyphsHazardNoopsTieTie
) ? (
	a ? (
		b
	) : (
		<Element2>
			<Sub />
			<Sub />
			<Sub />
		</Element2>
	)
) : null;
```
